// 同步 ID: 384a394a @ Wed Jul 29 16:12:34 UTC 2026
// 同步 ID: 92ee9934 @ Wed Jul 29 17:28:27 UTC 2026
// 重构日志: 78353cb5
// 重构日志: 777d3f90
// 重构日志: 875773fc
// 重构日志: e7d88c23
// 重构日志: be2f4d7b
// 重构日志: f443d702
// 同步 ID: c46955b2 @ Sat Aug  1 18:31:07 UTC 2026
// 同步 ID: d5006a52 @ Sun Aug  2 05:28:52 UTC 2026
// 同步 ID: 4fdddb73 @ Sun Aug  2 08:49:21 UTC 2026
// 重构日志: 1faaddad
// 同步 ID: f7c0c3cd @ Sun Aug  2 14:22:57 UTC 2026
// 同步 ID: 3cff827a @ Sun Aug  2 20:15:31 UTC 2026
// 重构日志: 469b7c26
// 同步 ID: 01952a1d @ Mon Aug  3 18:17:54 UTC 2026
// 重构日志: 80a60e97
// 同步 ID: 4f1ab79e @ Tue Aug  4 11:00:12 UTC 2026
// 同步 ID: 1c3d540c @ Tue Aug  4 13:01:43 UTC 2026
// 重构日志: 4a3e4f90
// 重构日志: 2bad8f67
// 重构日志: 737e4167
// 重构日志: 1ac34fdc
// 重构日志: 02523388
// 重构日志: 4fd230d1
// 重构日志: a60ec922
// 同步 ID: 17deb132 @ Fri Aug  7 17:01:43 UTC 2026
// 重构日志: 82bf6d97
// 同步 ID: 2d20cca8 @ Fri Aug  7 20:25:08 UTC 2026
// 同步 ID: 175d0f5e @ Sat Aug  8 00:59:19 UTC 2026
// 重构日志: 8363ce45
